Archive member included because of file (symbol)

c:/winavr-20100110/bin/../lib/gcc/avr/4.3.3/avr5\libgcc.a(_exit.o)
                              c:/winavr-20100110/bin/../lib/gcc/avr/4.3.3/../../../../avr/lib/avr5/crtm32.o (exit)
c:/winavr-20100110/bin/../lib/gcc/avr/4.3.3/avr5\libgcc.a(_copy_data.o)
                              ./Utilities/cutsom_delay.o (__do_copy_data)
c:/winavr-20100110/bin/../lib/gcc/avr/4.3.3/avr5\libgcc.a(_clear_bss.o)
                              ./MCAL/Timers Driver/timer.o (__do_clear_bss)

Allocating common symbols
Common symbol       size              file

PedestrianFlag      0x1               ./Application/app.o
previousCarFlag     0x1               ./Application/app.o

Memory Configuration

Name             Origin             Length             Attributes
text             0x00000000         0x00020000         xr
data             0x00800060         0x0000ffa0         rw !x
eeprom           0x00810000         0x00010000         rw !x
fuse             0x00820000         0x00000400         rw !x
lock             0x00830000         0x00000400         rw !x
signature        0x00840000         0x00000400         rw !x
*default*        0x00000000         0xffffffff

Linker script and memory map

LOAD c:/winavr-20100110/bin/../lib/gcc/avr/4.3.3/../../../../avr/lib/avr5/crtm32.o
LOAD ./Utilities/cutsom_delay.o
LOAD ./Utilities/main.o
LOAD ./MCAL/Timers Driver/timer.o
LOAD ./MCAL/GPIO Driver/gpio.o
LOAD ./ECUAL/LED Driver/led.o
LOAD ./ECUAL/Button Driver/button.o
LOAD ./Application/app.o
LOAD c:/winavr-20100110/bin/../lib/gcc/avr/4.3.3/avr5\libgcc.a
LOAD c:/winavr-20100110/bin/../lib/gcc/avr/4.3.3/../../../../avr/lib/avr5\libc.a
LOAD c:/winavr-20100110/bin/../lib/gcc/avr/4.3.3/avr5\libgcc.a

.hash
 *(.hash)

.dynsym
 *(.dynsym)

.dynstr
 *(.dynstr)

.gnu.version
 *(.gnu.version)

.gnu.version_d
 *(.gnu.version_d)

.gnu.version_r
 *(.gnu.version_r)

.rel.init
 *(.rel.init)

.rela.init
 *(.rela.init)

.rel.text
 *(.rel.text)
 *(.rel.text.*)
 *(.rel.gnu.linkonce.t*)

.rela.text
 *(.rela.text)
 *(.rela.text.*)
 *(.rela.gnu.linkonce.t*)

.rel.fini
 *(.rel.fini)

.rela.fini
 *(.rela.fini)

.rel.rodata
 *(.rel.rodata)
 *(.rel.rodata.*)
 *(.rel.gnu.linkonce.r*)

.rela.rodata
 *(.rela.rodata)
 *(.rela.rodata.*)
 *(.rela.gnu.linkonce.r*)

.rel.data
 *(.rel.data)
 *(.rel.data.*)
 *(.rel.gnu.linkonce.d*)

.rela.data
 *(.rela.data)
 *(.rela.data.*)
 *(.rela.gnu.linkonce.d*)

.rel.ctors
 *(.rel.ctors)

.rela.ctors
 *(.rela.ctors)

.rel.dtors
 *(.rel.dtors)

.rela.dtors
 *(.rela.dtors)

.rel.got
 *(.rel.got)

.rela.got
 *(.rela.got)

.rel.bss
 *(.rel.bss)

.rela.bss
 *(.rela.bss)

.rel.plt
 *(.rel.plt)

.rela.plt
 *(.rela.plt)

.text           0x00000000      0xa08
 *(.vectors)
 .vectors       0x00000000       0x54 c:/winavr-20100110/bin/../lib/gcc/avr/4.3.3/../../../../avr/lib/avr5/crtm32.o
                0x00000000                __vectors
                0x00000000                __vector_default
 *(.vectors)
 *(.progmem.gcc*)
 *(.progmem*)
                0x00000054                . = ALIGN (0x2)
                0x00000054                __trampolines_start = .
 *(.trampolines)
 .trampolines   0x00000054        0x0 linker stubs
 *(.trampolines*)
                0x00000054                __trampolines_end = .
 *(.jumptables)
 *(.jumptables*)
 *(.lowtext)
 *(.lowtext*)
                0x00000054                __ctors_start = .
 *(.ctors)
                0x00000054                __ctors_end = .
                0x00000054                __dtors_start = .
 *(.dtors)
                0x00000054                __dtors_end = .
 SORT(*)(.ctors)
 SORT(*)(.dtors)
 *(.init0)
 .init0         0x00000054        0x0 c:/winavr-20100110/bin/../lib/gcc/avr/4.3.3/../../../../avr/lib/avr5/crtm32.o
                0x00000054                __init
 *(.init0)
 *(.init1)
 *(.init1)
 *(.init2)
 .init2         0x00000054        0xc c:/winavr-20100110/bin/../lib/gcc/avr/4.3.3/../../../../avr/lib/avr5/crtm32.o
 *(.init2)
 *(.init3)
 *(.init3)
 *(.init4)
 .init4         0x00000060       0x16 c:/winavr-20100110/bin/../lib/gcc/avr/4.3.3/avr5\libgcc.a(_copy_data.o)
                0x00000060                __do_copy_data
 .init4         0x00000076       0x10 c:/winavr-20100110/bin/../lib/gcc/avr/4.3.3/avr5\libgcc.a(_clear_bss.o)
                0x00000076                __do_clear_bss
 *(.init4)
 *(.init5)
 *(.init5)
 *(.init6)
 *(.init6)
 *(.init7)
 *(.init7)
 *(.init8)
 *(.init8)
 *(.init9)
 .init9         0x00000086        0x8 c:/winavr-20100110/bin/../lib/gcc/avr/4.3.3/../../../../avr/lib/avr5/crtm32.o
 *(.init9)
 *(.text)
 .text          0x0000008e        0x4 c:/winavr-20100110/bin/../lib/gcc/avr/4.3.3/../../../../avr/lib/avr5/crtm32.o
                0x0000008e                __vector_12
                0x0000008e                __bad_interrupt
                0x0000008e                __vector_6
                0x0000008e                __vector_3
                0x0000008e                __vector_11
                0x0000008e                __vector_13
                0x0000008e                __vector_17
                0x0000008e                __vector_19
                0x0000008e                __vector_5
                0x0000008e                __vector_4
                0x0000008e                __vector_2
                0x0000008e                __vector_15
                0x0000008e                __vector_14
                0x0000008e                __vector_10
                0x0000008e                __vector_16
                0x0000008e                __vector_18
                0x0000008e                __vector_20
 .text          0x00000092        0x0 ./Utilities/cutsom_delay.o
 .text          0x00000092        0x0 ./Utilities/main.o
 .text          0x00000092        0x0 ./MCAL/Timers Driver/timer.o
 .text          0x00000092        0x0 ./MCAL/GPIO Driver/gpio.o
 .text          0x00000092        0x0 ./ECUAL/LED Driver/led.o
 .text          0x00000092        0x0 ./ECUAL/Button Driver/button.o
 .text          0x00000092        0x0 ./Application/app.o
 .text          0x00000092        0x0 c:/winavr-20100110/bin/../lib/gcc/avr/4.3.3/avr5\libgcc.a(_exit.o)
 .text          0x00000092        0x0 c:/winavr-20100110/bin/../lib/gcc/avr/4.3.3/avr5\libgcc.a(_copy_data.o)
 .text          0x00000092        0x0 c:/winavr-20100110/bin/../lib/gcc/avr/4.3.3/avr5\libgcc.a(_clear_bss.o)
                0x00000092                . = ALIGN (0x2)
 *(.text.*)
 .text.delay_init
                0x00000092        0xa ./Utilities/cutsom_delay.o
                0x00000092                delay_init
 .text.delay_sec
                0x0000009c       0x22 ./Utilities/cutsom_delay.o
                0x0000009c                delay_sec
 .text.main     0x000000be        0xa ./Utilities/main.o
                0x000000be                main
 .text.__vector_7
                0x000000c8       0x52 ./MCAL/Timers Driver/timer.o
                0x000000c8                __vector_7
 .text.__vector_9
                0x0000011a       0x52 ./MCAL/Timers Driver/timer.o
                0x0000011a                __vector_9
 .text.__vector_8
                0x0000016c       0x52 ./MCAL/Timers Driver/timer.o
                0x0000016c                __vector_8
 .text.Timer_init
                0x000001be       0x9c ./MCAL/Timers Driver/timer.o
                0x000001be                Timer_init
 .text.Timer0_setCallBack
                0x0000025a        0xa ./MCAL/Timers Driver/timer.o
                0x0000025a                Timer0_setCallBack
 .text.Timer1_setCallBack
                0x00000264        0xa ./MCAL/Timers Driver/timer.o
                0x00000264                Timer1_setCallBack
 .text.Timer_deinit
                0x0000026e       0x12 ./MCAL/Timers Driver/timer.o
                0x0000026e                Timer_deinit
 .text.Timer_setCallBack
                0x00000280        0xa ./MCAL/Timers Driver/timer.o
                0x00000280                Timer_setCallBack
 .text.Timer0_Enable_OVF_Interrupt
                0x0000028a        0xc ./MCAL/Timers Driver/timer.o
                0x0000028a                Timer0_Enable_OVF_Interrupt
 .text.Timer0_Enable_COMP_Interrupt
                0x00000296        0xc ./MCAL/Timers Driver/timer.o
                0x00000296                Timer0_Enable_COMP_Interrupt
 .text.Timer1_Enable_OVF_Interrupt
                0x000002a2        0xc ./MCAL/Timers Driver/timer.o
                0x000002a2                Timer1_Enable_OVF_Interrupt
 .text.Timer1_Enable_COMP_Interrupt
                0x000002ae        0xc ./MCAL/Timers Driver/timer.o
                0x000002ae                Timer1_Enable_COMP_Interrupt
 .text.GPIO_setupPinDirection
                0x000002ba      0x10a ./MCAL/GPIO Driver/gpio.o
                0x000002ba                GPIO_setupPinDirection
 .text.GPIO_writePin
                0x000003c4      0x10a ./MCAL/GPIO Driver/gpio.o
                0x000003c4                GPIO_writePin
 .text.GPIO_togglePin
                0x000004ce       0x86 ./MCAL/GPIO Driver/gpio.o
                0x000004ce                GPIO_togglePin
 .text.GPIO_readPin
                0x00000554       0x66 ./MCAL/GPIO Driver/gpio.o
                0x00000554                GPIO_readPin
 .text.GPIO_setupPortDirection
                0x000005ba       0x26 ./MCAL/GPIO Driver/gpio.o
                0x000005ba                GPIO_setupPortDirection
 .text.GPIO_writePort
                0x000005e0       0x26 ./MCAL/GPIO Driver/gpio.o
                0x000005e0                GPIO_writePort
 .text.GPIO_readPort
                0x00000606       0x2a ./MCAL/GPIO Driver/gpio.o
                0x00000606                GPIO_readPort
 .text.LED_Toggle
                0x00000630        0x6 ./ECUAL/LED Driver/led.o
                0x00000630                LED_Toggle
 .text.LED_OFF  0x00000636        0x8 ./ECUAL/LED Driver/led.o
                0x00000636                LED_OFF
 .text.LED_ON   0x0000063e        0x8 ./ECUAL/LED Driver/led.o
                0x0000063e                LED_ON
 .text.LED_init
                0x00000646       0x1e ./ECUAL/LED Driver/led.o
                0x00000646                LED_init
 .text.Button_init
                0x00000664       0x1c ./ECUAL/Button Driver/button.o
                0x00000664                Button_init
 .text.Pedestrian_LightsOff
                0x00000680       0x1a ./Application/app.o
                0x00000680                Pedestrian_LightsOff
 .text.Traffic_LightsOff
                0x0000069a       0x1a ./Application/app.o
                0x0000069a                Traffic_LightsOff
 .text.__vector_1
                0x000006b4      0x230 ./Application/app.o
                0x000006b4                __vector_1
 .text.App      0x000008e4       0xe2 ./Application/app.o
                0x000008e4                App
 .text.APP_start
                0x000009c6       0x3e ./Application/app.o
                0x000009c6                APP_start
 .text.libgcc   0x00000a04        0x0 c:/winavr-20100110/bin/../lib/gcc/avr/4.3.3/avr5\libgcc.a(_exit.o)
 .text.libgcc   0x00000a04        0x0 c:/winavr-20100110/bin/../lib/gcc/avr/4.3.3/avr5\libgcc.a(_copy_data.o)
 .text.libgcc   0x00000a04        0x0 c:/winavr-20100110/bin/../lib/gcc/avr/4.3.3/avr5\libgcc.a(_clear_bss.o)
                0x00000a04                . = ALIGN (0x2)
 *(.fini9)
 .fini9         0x00000a04        0x0 c:/winavr-20100110/bin/../lib/gcc/avr/4.3.3/avr5\libgcc.a(_exit.o)
                0x00000a04                exit
                0x00000a04                _exit
 *(.fini9)
 *(.fini8)
 *(.fini8)
 *(.fini7)
 *(.fini7)
 *(.fini6)
 *(.fini6)
 *(.fini5)
 *(.fini5)
 *(.fini4)
 *(.fini4)
 *(.fini3)
 *(.fini3)
 *(.fini2)
 *(.fini2)
 *(.fini1)
 *(.fini1)
 *(.fini0)
 .fini0         0x00000a04        0x4 c:/winavr-20100110/bin/../lib/gcc/avr/4.3.3/avr5\libgcc.a(_exit.o)
 *(.fini0)
                0x00000a08                _etext = .

.data           0x00800060        0xc load address 0x00000a08
                0x00800060                PROVIDE (__data_start, .)
 *(.data)
 .data          0x00800060        0x0 c:/winavr-20100110/bin/../lib/gcc/avr/4.3.3/../../../../avr/lib/avr5/crtm32.o
 .data          0x00800060        0x0 ./Utilities/cutsom_delay.o
 .data          0x00800060        0x0 ./Utilities/main.o
 .data          0x00800060        0x0 ./MCAL/Timers Driver/timer.o
 .data          0x00800060        0x0 ./MCAL/GPIO Driver/gpio.o
 .data          0x00800060        0x0 ./ECUAL/LED Driver/led.o
 .data          0x00800060        0x0 ./ECUAL/Button Driver/button.o
 .data          0x00800060        0x0 ./Application/app.o
 .data          0x00800060        0x0 c:/winavr-20100110/bin/../lib/gcc/avr/4.3.3/avr5\libgcc.a(_exit.o)
 .data          0x00800060        0x0 c:/winavr-20100110/bin/../lib/gcc/avr/4.3.3/avr5\libgcc.a(_copy_data.o)
 .data          0x00800060        0x0 c:/winavr-20100110/bin/../lib/gcc/avr/4.3.3/avr5\libgcc.a(_clear_bss.o)
 *(.data*)
 .data.time     0x00800060        0xa ./Utilities/cutsom_delay.o
                0x00800060                time
 .data.currentCarFlag
                0x0080006a        0x1 ./Application/app.o
                0x0080006a                currentCarFlag
 *(.rodata)
 *(.rodata*)
 *(.gnu.linkonce.d*)
                0x0080006c                . = ALIGN (0x2)
 *fill*         0x0080006b        0x1 00
                0x0080006c                _edata = .
                0x0080006c                PROVIDE (__data_end, .)

.bss            0x0080006c        0x7
                0x0080006c                PROVIDE (__bss_start, .)
 *(.bss)
 .bss           0x0080006c        0x0 c:/winavr-20100110/bin/../lib/gcc/avr/4.3.3/../../../../avr/lib/avr5/crtm32.o
 .bss           0x0080006c        0x0 ./Utilities/cutsom_delay.o
 .bss           0x0080006c        0x0 ./Utilities/main.o
 .bss           0x0080006c        0x0 ./MCAL/Timers Driver/timer.o
 .bss           0x0080006c        0x0 ./MCAL/GPIO Driver/gpio.o
 .bss           0x0080006c        0x0 ./ECUAL/LED Driver/led.o
 .bss           0x0080006c        0x0 ./ECUAL/Button Driver/button.o
 .bss           0x0080006c        0x0 ./Application/app.o
 .bss           0x0080006c        0x0 c:/winavr-20100110/bin/../lib/gcc/avr/4.3.3/avr5\libgcc.a(_exit.o)
 .bss           0x0080006c        0x0 c:/winavr-20100110/bin/../lib/gcc/avr/4.3.3/avr5\libgcc.a(_copy_data.o)
 .bss           0x0080006c        0x0 c:/winavr-20100110/bin/../lib/gcc/avr/4.3.3/avr5\libgcc.a(_clear_bss.o)
 *(.bss*)
 .bss.g_callBackPtr1
                0x0080006c        0x2 ./MCAL/Timers Driver/timer.o
 .bss.g_callBackPtr0
                0x0080006e        0x2 ./MCAL/Timers Driver/timer.o
 .bss.InterruptFlag
                0x00800070        0x1 ./Application/app.o
                0x00800070                InterruptFlag
 *(COMMON)
 COMMON         0x00800071        0x2 ./Application/app.o
                0x00800071                PedestrianFlag
                0x00800072                previousCarFlag
                0x00800073                PROVIDE (__bss_end, .)
                0x00000a08                __data_load_start = LOADADDR (.data)
                0x00000a14                __data_load_end = (__data_load_start + SIZEOF (.data))

.noinit         0x00800073        0x0
                0x00800073                PROVIDE (__noinit_start, .)
 *(.noinit*)
                0x00800073                PROVIDE (__noinit_end, .)
                0x00800073                _end = .
                0x00800073                PROVIDE (__heap_start, .)

.eeprom         0x00810000        0x0
 *(.eeprom*)
                0x00810000                __eeprom_end = .

.fuse
 *(.fuse)
 *(.lfuse)
 *(.hfuse)
 *(.efuse)

.lock
 *(.lock*)

.signature
 *(.signature*)

.stab           0x00000000     0x1f80
 *(.stab)
 .stab          0x00000000      0x480 ./Utilities/cutsom_delay.o
 .stab          0x00000480      0x1d4 ./Utilities/main.o
                                0x1e0 (size before relaxing)
 .stab          0x00000654      0x564 ./MCAL/Timers Driver/timer.o
                                0x720 (size before relaxing)
 .stab          0x00000bb8      0x66c ./MCAL/GPIO Driver/gpio.o
                                0x828 (size before relaxing)
 .stab          0x00001224      0x300 ./ECUAL/LED Driver/led.o
                                0x30c (size before relaxing)
 .stab          0x00001524      0x270 ./ECUAL/Button Driver/button.o
                                0x42c (size before relaxing)
 .stab          0x00001794      0x7ec ./Application/app.o
                                0x9a8 (size before relaxing)

.stabstr        0x00000000     0x1866
 *(.stabstr)
 .stabstr       0x00000000     0x1866 ./Utilities/cutsom_delay.o

.stab.excl
 *(.stab.excl)

.stab.exclstr
 *(.stab.exclstr)

.stab.index
 *(.stab.index)

.stab.indexstr
 *(.stab.indexstr)

.comment
 *(.comment)

.debug
 *(.debug)

.line
 *(.line)

.debug_srcinfo
 *(.debug_srcinfo)

.debug_sfnames
 *(.debug_sfnames)

.debug_aranges
 *(.debug_aranges)

.debug_pubnames
 *(.debug_pubnames)

.debug_info
 *(.debug_info)
 *(.gnu.linkonce.wi.*)

.debug_abbrev
 *(.debug_abbrev)

.debug_line
 *(.debug_line)

.debug_frame
 *(.debug_frame)

.debug_str
 *(.debug_str)

.debug_loc
 *(.debug_loc)

.debug_macinfo
 *(.debug_macinfo)
OUTPUT(On-demand_Traffic_Light_Control.elf elf32-avr)
LOAD linker stubs
